[backend] Firebase Admin initialized
node:internal/modules/cjs/loader:1397
  throw err;
  ^

Error: Cannot find module './src/routes/phone.routes'
Require stack:
- /Users/kiranrevally/Documents/GitHub/setly-ver1/SETLY/Setly-Code/backend/server.js
    at Function._resolveFilename (node:internal/modules/cjs/loader:1394:15)
    at defaultResolveImpl (node:internal/modules/cjs/loader:1050:19)
    at resolveForCJSWithHooks (node:internal/modules/cjs/loader:1055:22)
    at Function._load (node:internal/modules/cjs/loader:1204:37)
    at TracingChannel.traceSync (node:diagnostics_channel:322:14)
    at wrapModuleLoad (node:internal/modules/cjs/loader:234:24)
    at Module.require (node:internal/modules/cjs/loader:1480:12)
    at require (node:internal/modules/helpers:135:16)
    at Object.<anonymous> (/Users/kiranrevally/Documents/GitHub/setly-ver1/SETLY/Setly-Code/backend/server.js:423:23)
    at Module._compile (node:internal/modules/cjs/loader:1723:14) {
  code: 'MODULE_NOT_FOUND',
  requireStack: [
    '/Users/kiranrevally/Documents/GitHub/setly-ver1/SETLY/Setly-Code/backend/server.js'
  ]
}

Node.js v23.7.0
